
[1m[46m RUN [49m[22m [36mv4.0.18 [39m[90mC:/Users/dmedl/Projects/GitWeaver[39m

(node:106752) ExperimentalWarning: SQLite is an experimental feature and might change at any time
(Use `node --trace-warnings ...` to show where the warning was created)
(node:169592) ExperimentalWarning: SQLite is an experimental feature and might change at any time
(Use `node --trace-warnings ...` to show where the warning was created)
 [31mΓ¥»[39m tests/unit/gemini-adapter.test.ts [2m([22m[2m3 tests[22m[2m | [22m[31m1 failed[39m[2m)[22m[32m 11[2mms[22m[39m
[31m     [31m├ù[31m passes prompt via stdin and keeps args deterministic[39m[32m 8[2mms[22m[39m
     [32mΓ£ô[39m preserves non-zero exits and stderr[32m 0[2mms[22m[39m
     [32mΓ£ô[39m passes env to runCommand[32m 1[2mms[22m[39m
 [31mΓ¥»[39m tests/unit/codex-adapter.test.ts [2m([22m[2m12 tests[22m[2m | [22m[31m1 failed[39m[2m)[22m[32m 12[2mms[22m[39m
[31m     [31m├ù[31m builds correct args without outputSchemaPath[39m[32m 8[2mms[22m[39m
     [32mΓ£ô[39m inserts --output-schema args when outputSchemaPath is provided[32m 1[2mms[22m[39m
     [32mΓ£ô[39m heartbeat is >= 10_000[32m 0[2mms[22m[39m
     [32mΓ£ô[39m heartbeat uses floor(timeoutMs / 3) when result >= 10_000[32m 0[2mms[22m[39m
     [32mΓ£ô[39m passes env and cwd through to pty[32m 0[2mms[22m[39m
     [32mΓ£ô[39m propagates non-zero exit code[32m 0[2mms[22m[39m
     [32mΓ£ô[39m calls runInContainer with default runtime/image when not specified[32m 0[2mms[22m[39m
     [32mΓ£ô[39m uses specified containerRuntime and containerImage[32m 0[2mms[22m[39m
     [32mΓ£ô[39m passes networkPolicy to runInContainer[32m 0[2mms[22m[39m
     [32mΓ£ô[39m defaults networkPolicy to allow when not specified[32m 0[2mms[22m[39m
     [32mΓ£ô[39m maps stdout/stderr/rawOutput from container result[32m 0[2mms[22m[39m
     [32mΓ£ô[39m passes container hardening options through to runInContainer[32m 0[2mms[22m[39m
(node:39808) ExperimentalWarning: SQLite is an experimental feature and might change at any time
(Use `node --trace-warnings ...` to show where the warning was created)
 [32mΓ£ô[39m tests/unit/staleness.test.ts [2m([22m[2m4 tests[22m[2m)[22m[32m 16[2mms[22m[39m
 [32mΓ£ô[39m tests/unit/lock-manager.test.ts [2m([22m[2m5 tests[22m[2m)[22m[32m 20[2mms[22m[39m
 [32mΓ£ô[39m tests/integration/persistence.test.ts [2m([22m[2m1 test[22m[2m)[22m[32m 22[2mms[22m[39m
 [32mΓ£ô[39m tests/unit/event-log.test.ts [2m([22m[2m8 tests[22m[2m)[22m[32m 27[2mms[22m[39m
[90mstdout[2m | tests/benchmark/worktree-perf.test.ts[2m > [22m[2mWorktreeManager Performance[2m > [22m[2mmeasures event loop responsiveness during creation
[22m[39m
---------------------------------------------------
Creating 500 worktrees took 95.52ms
Event loop ticks (responsiveness): 87
Ticks per ms: 0.91
---------------------------------------------------


 [32mΓ£ô[39m tests/benchmark/worktree-perf.test.ts [2m([22m[2m1 test[22m[2m)[22m[32m 99[2mms[22m[39m
 [32mΓ£ô[39m tests/unit/prompt-integrity.test.ts [2m([22m[2m6 tests[22m[2m)[22m[32m 24[2mms[22m[39m
 [32mΓ£ô[39m tests/unit/sqlite-extended.test.ts [2m([22m[2m18 tests[22m[2m)[22m[32m 129[2mms[22m[39m
 [32mΓ£ô[39m tests/unit/pty-manager.test.ts [2m([22m[2m9 tests[22m[2m)[22m[32m 76[2mms[22m[39m
 [32mΓ£ô[39m tests/unit/cli-commands.test.ts [2m([22m[2m26 tests[22m[2m)[22m[32m 19[2mms[22m[39m
 [32mΓ£ô[39m tests/unit/lock-race.test.ts [2m([22m[2m4 tests[22m[2m)[22m[32m 235[2mms[22m[39m
 [32mΓ£ô[39m tests/unit/sandbox-env.test.ts [2m([22m[2m4 tests[22m[2m)[22m[32m 16[2mms[22m[39m
(node:106752) ExperimentalWarning: SQLite is an experimental feature and might change at any time
(Use `node --trace-warnings ...` to show where the warning was created)
 [32mΓ£ô[39m tests/unit/shell.test.ts [2m([22m[2m13 tests[22m[2m)[22m[32m 15[2mms[22m[39m
 [32mΓ£ô[39m tests/unit/sqlite.test.ts [2m([22m[2m7 tests[22m[2m)[22m[33m 407[2mms[22m[39m
 [32mΓ£ô[39m tests/unit/config.test.ts [2m([22m[2m4 tests[22m[2m)[22m[32m 9[2mms[22m[39m
 [32mΓ£ô[39m tests/unit/preflight-extended.test.ts [2m([22m[2m28 tests[22m[2m)[22m[32m 11[2mms[22m[39m
 [32mΓ£ô[39m tests/unit/lease-heartbeat.test.ts [2m([22m[2m3 tests[22m[2m)[22m[32m 8[2mms[22m[39m
 [32mΓ£ô[39m tests/unit/dag-schema.test.ts [2m([22m[2m5 tests[22m[2m)[22m[32m 10[2mms[22m[39m
 [32mΓ£ô[39m tests/unit/container-runner.test.ts [2m([22m[2m13 tests[22m[2m)[22m[32m 8[2mms[22m[39m
 [32mΓ£ô[39m tests/unit/state-machine.test.ts [2m([22m[2m13 tests[22m[2m)[22m[32m 9[2mms[22m[39m
 [32mΓ£ô[39m tests/unit/worktree-manager.test.ts [2m([22m[2m4 tests[22m[2m)[22m[32m 7[2mms[22m[39m
 [32mΓ£ô[39m tests/unit/scope-narrowing.test.ts [2m([22m[2m9 tests[22m[2m)[22m[32m 8[2mms[22m[39m
 [32mΓ£ô[39m tests/unit/command-policy.test.ts [2m([22m[2m9 tests[22m[2m)[22m[32m 8[2mms[22m[39m
 [32mΓ£ô[39m tests/unit/preflight.test.ts [2m([22m[2m9 tests[22m[2m)[22m[32m 7[2mms[22m[39m
 [32mΓ£ô[39m tests/integration/provider-storm.test.ts [2m([22m[2m5 tests[22m[2m)[22m[32m 7[2mms[22m[39m
 [32mΓ£ô[39m tests/unit/logger.test.ts [2m([22m[2m8 tests[22m[2m)[22m[32m 7[2mms[22m[39m
(node:55856) ExperimentalWarning: SQLite is an experimental feature and might change at any time
(Use `node --trace-warnings ...` to show where the warning was created)
(node:3672) ExperimentalWarning: SQLite is an experimental feature and might change at any time
(Use `node --trace-warnings ...` to show where the warning was created)
 [32mΓ£ô[39m tests/unit/commit-analyzer.test.ts [2m([22m[2m5 tests[22m[2m)[22m[32m 7[2mms[22m[39m
 [32mΓ£ô[39m tests/unit/scheduler.test.ts [2m([22m[2m6 tests[22m[2m)[22m[32m 6[2mms[22m[39m
 [32mΓ£ô[39m tests/unit/prompt.test.ts [2m([22m[2m5 tests[22m[2m)[22m[32m 7[2mms[22m[39m
 [32mΓ£ô[39m tests/unit/claude-adapter.test.ts [2m([22m[2m10 tests[22m[2m)[22m[32m 6[2mms[22m[39m
 [32mΓ£ô[39m tests/unit/post-merge-gate.test.ts [2m([22m[2m7 tests[22m[2m)[22m[32m 6[2mms[22m[39m
(node:156204) ExperimentalWarning: SQLite is an experimental feature and might change at any time
(Use `node --trace-warnings ...` to show where the warning was created)
 [32mΓ£ô[39m tests/unit/orchestrator-policy.test.ts [2m([22m[2m6 tests[22m[2m)[22m[32m 29[2mms[22m[39m
 [32mΓ£ô[39m tests/integration/watchdog-hang-recovery.test.ts [2m([22m[2m10 tests[22m[2m)[22m[32m 35[2mms[22m[39m
stderr | tests/unit/orchestrator-provenance.test.ts > orchestrator provenance helpers > persists manifest before stage-B preflight can abort
{"level":"error","message":"Run failed","ts":"2026-03-01T05:43:08.536Z","context":{"runId":"92f48b7c-7380-4948-b5fe-e031da68d6f1","reasonCode":"ABORTED_POLICY","message":"stage-b failed"}}

stderr | tests/unit/orchestrator-provenance.test.ts > orchestrator provenance helpers > checks baseline before creating .orchestrator artifacts
{"level":"error","message":"Run failed","ts":"2026-03-01T05:43:08.540Z","context":{"runId":"bf37576b-6853-45ee-8c9a-3d759b5ca9b2","reasonCode":"BASELINE_DIRTY_REPO","message":"Repository is dirty at run start"}}

(node:187252) ExperimentalWarning: SQLite is an experimental feature and might change at any time
(Use `node --trace-warnings ...` to show where the warning was created)
 [32mΓ£ô[39m tests/unit/provider-health.test.ts [2m([22m[2m10 tests[22m[2m)[22m[32m 6[2mms[22m[39m
 [32mΓ£ô[39m tests/unit/orchestrator-provenance.test.ts [2m([22m[2m5 tests[22m[2m)[22m[32m 44[2mms[22m[39m
 [32mΓ£ô[39m tests/unit/watchdog.test.ts [2m([22m[2m4 tests[22m[2m)[22m[32m 6[2mms[22m[39m
 [32mΓ£ô[39m tests/unit/orchestrator-helpers.test.ts [2m([22m[2m16 tests[22m[2m)[22m[32m 9[2mms[22m[39m
 [32mΓ£ô[39m tests/unit/scope-policy.test.ts [2m([22m[2m2 tests[22m[2m)[22m[32m 6[2mms[22m[39m
 [32mΓ£ô[39m tests/unit/metrics.test.ts [2m([22m[2m11 tests[22m[2m)[22m[32m 6[2mms[22m[39m
 [32mΓ£ô[39m tests/unit/redaction.test.ts [2m([22m[2m12 tests[22m[2m)[22m[32m 5[2mms[22m[39m
 [32mΓ£ô[39m tests/unit/repair-planner.test.ts [2m([22m[2m12 tests[22m[2m)[22m[32m 6[2mms[22m[39m
 [32mΓ£ô[39m tests/unit/router.test.ts [2m([22m[2m9 tests[22m[2m)[22m[32m 5[2mms[22m[39m
 [32mΓ£ô[39m tests/unit/host-executor.test.ts [2m([22m[2m10 tests[22m[2m)[22m[32m 5[2mms[22m[39m
 [32mΓ£ô[39m tests/unit/gemini-adapter-container.test.ts [2m([22m[2m8 tests[22m[2m)[22m[32m 5[2mms[22m[39m
stderr | tests/unit/planner-codex.test.ts > extractJsonPayload > should throw an error if no valid JSON is found anywhere
DEBUG: Failed to parse planner output as JSON. Length: 40
DEBUG: Start of output: 
just some random
text that is not json

DEBUG: End of output: 
just some random
text that is not json


 [32mΓ£ô[39m tests/unit/planner-codex.test.ts [2m([22m[2m7 tests[22m[2m)[22m[32m 6[2mms[22m[39m
 [32mΓ£ô[39m tests/unit/taxonomy.test.ts [2m([22m[2m8 tests[22m[2m)[22m[32m 5[2mms[22m[39m
 [32mΓ£ô[39m tests/unit/providers-registry.test.ts [2m([22m[2m8 tests[22m[2m)[22m[32m 5[2mms[22m[39m
 [32mΓ£ô[39m tests/unit/hash.test.ts [2m([22m[2m10 tests[22m[2m)[22m[32m 4[2mms[22m[39m
 [32mΓ£ô[39m tests/unit/secure-executor.test.ts [2m([22m[2m6 tests[22m[2m)[22m[32m 4[2mms[22m[39m
 [32mΓ£ô[39m tests/unit/determinism.test.ts [2m([22m[2m2 tests[22m[2m)[22m[32m 4[2mms[22m[39m
 [32mΓ£ô[39m tests/unit/failure-classifier.test.ts [2m([22m[2m10 tests[22m[2m)[22m[32m 4[2mms[22m[39m
 [32mΓ£ô[39m tests/unit/completion-parser.test.ts [2m([22m[2m9 tests[22m[2m)[22m[32m 5[2mms[22m[39m
 [32mΓ£ô[39m tests/unit/repair-budget.test.ts [2m([22m[2m8 tests[22m[2m)[22m[32m 4[2mms[22m[39m
 [32mΓ£ô[39m tests/unit/secure-factory.test.ts [2m([22m[2m4 tests[22m[2m)[22m[32m 3[2mms[22m[39m
 [32mΓ£ô[39m tests/unit/container-executor.test.ts [2m([22m[2m6 tests[22m[2m)[22m[32m 2[2mms[22m[39m
 [32mΓ£ô[39m tests/unit/adapter-index.test.ts [2m([22m[2m4 tests[22m[2m)[22m[32m 3[2mms[22m[39m
 [32mΓ£ô[39m tests/unit/repo-bootstrap.test.ts [2m([22m[2m4 tests[22m[2m)[22m[33m 1656[2mms[22m[39m
     [33m[2mΓ£ô[22m[39m initializes a blank repository and creates an initial commit [33m 915[2mms[22m[39m
     [33m[2mΓ£ô[22m[39m scaffolds web-game template files [33m 737[2mms[22m[39m
 [32mΓ£ô[39m tests/unit/orchestrator-replan.test.ts [2m([22m[2m1 test[22m[2m)[22m[32m 4[2mms[22m[39m
 [32mΓ£ô[39m tests/integration/resume-reconcile.test.ts [2m([22m[2m2 tests[22m[2m)[22m[33m 1784[2mms[22m[39m
     [33m[2mΓ£ô[22m[39m uses git merged truth ahead of db task state [33m 1006[2mms[22m[39m
     [33m[2mΓ£ô[22m[39m does not flag drift when commits after baseline belong to the same run [33m 777[2mms[22m[39m
 [32mΓ£ô[39m tests/integration/resume-reconcile-squash.test.ts [2m([22m[2m2 tests[22m[2m)[22m[33m 1819[2mms[22m[39m
     [33m[2mΓ£ô[22m[39m identifies multiple tasks in a single squash commit [33m 1094[2mms[22m[39m
     [33m[2mΓ£ô[22m[39m requeues task if commit exists but lacks metadata (manual merge missing metadata) [33m 723[2mms[22m[39m
(node:7848) ExperimentalWarning: SQLite is an experimental feature and might change at any time
(Use `node --trace-warnings ...` to show where the warning was created)
 [32mΓ£ô[39m tests/unit/orchestrator-lock-retry.test.ts [2m([22m[2m2 tests[22m[2m)[22m[32m 6[2mms[22m[39m
 [32mΓ£ô[39m tests/unit/orchestrator-memory.test.ts [2m([22m[2m2 tests[22m[2m)[22m[32m 3[2mms[22m[39m
 [32mΓ£ô[39m tests/e2e/cli.e2e.test.ts [2m([22m[2m2 tests[22m[2m)[22m[33m 2307[2mms[22m[39m
     [33m[2mΓ£ô[22m[39m shows command help [33m 1272[2mms[22m[39m
     [33m[2mΓ£ô[22m[39m fails fast when target path is not a git repository [33m 1034[2mms[22m[39m
 [32mΓ£ô[39m tests/unit/output-verifier.test.ts [2m([22m[2m7 tests[22m[2m)[22m[33m 1973[2mms[22m[39m
     [33m[2mΓ£ô[22m[39m passes when expected files, test snippet, and export kind match [33m 972[2mms[22m[39m
     [33m[2mΓ£ô[22m[39m reports missing export symbol in existing file [33m 608[2mms[22m[39m
     [33m[2mΓ£ô[22m[39m reports export kind mismatch [33m 383[2mms[22m[39m
 [32mΓ£ô[39m tests/integration/resume-reconcile-failures.test.ts [2m([22m[2m12 tests[22m[2m)[22m[33m 4555[2mms[22m[39m
     [33m[2mΓ£ô[22m[39m detects DB says MERGED but Git commit missing (Partial Write / Rollback) [33m 831[2mms[22m[39m
     [33m[2mΓ£ô[22m[39m detects DB says PENDING but Git has commit (DB Lag) [33m 840[2mms[22m[39m
     [33m[2mΓ£ô[22m[39m sorts task IDs for determinism [33m 576[2mms[22m[39m
     [33m[2mΓ£ô[22m[39m detects external drift commits since baseline [33m 499[2mms[22m[39m
     [33m[2mΓ£ô[22m[39m keeps git as highest precedence over conflicting event state [33m 318[2mms[22m[39m
 [32mΓ£ô[39m tests/e2e/cli-extended.e2e.test.ts [2m([22m[2m12 tests[22m[2m)[22m[33m 15941[2mms[22m[39m
     [33m[2mΓ£ô[22m[39m --dry-run --json in a valid git repo exits 0 and outputs valid JSON [33m 5105[2mms[22m[39m
     [33m[2mΓ£ô[22m[39m exits 1 when repo is not a git repository [33m 700[2mms[22m[39m
     [33m[2mΓ£ô[22m[39m status --json with unknown runId shows empty/null run [33m 921[2mms[22m[39m
     [33m[2mΓ£ô[22m[39m inspect --json with unknown runId exits cleanly [33m 943[2mms[22m[39m
     [33m[2mΓ£ô[22m[39m locks --json with unknown runId exits cleanly [33m 928[2mms[22m[39m
     [33m[2mΓ£ô[22m[39m inspect with --task filter passes through [33m 890[2mms[22m[39m
     [33m[2mΓ£ô[22m[39m providers check --json outputs JSON with statuses array [33m 1477[2mms[22m[39m
     [33m[2mΓ£ô[22m[39m providers check (non-JSON) outputs text status lines [33m 1449[2mms[22m[39m
     [33m[2mΓ£ô[22m[39m accepts config file with forensicRawLogs=true on --dry-run and exits 0 [33m 968[2mms[22m[39m
     [33m[2mΓ£ô[22m[39m accepts config file with forensicRawLogs=false on --dry-run and exits 0 [33m 981[2mms[22m[39m
     [33m[2mΓ£ô[22m[39m unknown command outputs error and exits non-zero [33m 666[2mms[22m[39m
     [33m[2mΓ£ô[22m[39m --concurrency with invalid value exits non-zero [33m 912[2mms[22m[39m

ΓÄ»ΓÄ»ΓÄ»ΓÄ»ΓÄ»ΓÄ»ΓÄ» Failed Tests 2 ΓÄ»ΓÄ»ΓÄ»ΓÄ»ΓÄ»ΓÄ»ΓÄ»

 FAIL  tests/unit/codex-adapter.test.ts > CodexAdapter ΓÇô host mode > builds correct args without outputSchemaPath
AssertionError: expected [ 'exec', '--json', '-m', ΓÇª(4) ] to deeply equal [ 'exec', '--json', '--cd', ΓÇª(2) ]

- Expected
+ Received

  [
    "exec",
    "--json",
+   "-m",
+   "o4-mini",
    "--cd",
    "/workspace",
    "Fix the bug",
  ]

 Γ¥» tests/unit/codex-adapter.test.ts:41:18
     39|     const [command, args] = ptyRunMock.mock.calls[0]!;
     40|     expect(command).toBe("codex");
     41|     expect(args).toEqual(["exec", "--json", "--cd", "/workspace", "FixΓÇª
       |                  ^
     42|     expect(result.provider).toBe("codex");
     43|     expect(result.exitCode).toBe(0);

ΓÄ»ΓÄ»ΓÄ»ΓÄ»ΓÄ»ΓÄ»ΓÄ»ΓÄ»ΓÄ»ΓÄ»ΓÄ»ΓÄ»ΓÄ»ΓÄ»ΓÄ»ΓÄ»ΓÄ»ΓÄ»ΓÄ»ΓÄ»ΓÄ»ΓÄ»ΓÄ»ΓÄ»[1/2]ΓÄ»

 FAIL  tests/unit/gemini-adapter.test.ts > GeminiAdapter > passes prompt via stdin and keeps args deterministic
AssertionError: expected "vi.fn()" to be called with arguments: [ Array(3) ]

Received: 

  1st vi.fn() call:

@@ -1,17 +1,20 @@
  [
    "gemini",
    [
+     "--model",
+     "flash",
      "--prompt",
      "orchestrator_input",
      "--output-format",
      "json",
      "--approval-mode",
      "auto_edit",
    ],
    {
      "cwd": "C:/repo/worktree",
+     "env": undefined,
      "stdin": "Update docs:
  - handle files, hard, n
  - keep punctuation: \"quotes\", commas, semicolons;",
      "timeoutMs": 45000,
    },


Number of calls: 1

 Γ¥» tests/unit/gemini-adapter.test.ts:32:28
     30| 
     31|     expect(runCommandMock).toHaveBeenCalledTimes(1);
     32|     expect(runCommandMock).toHaveBeenCalledWith(
       |                            ^
     33|       "gemini",
     34|       ["--prompt", "orchestrator_input", "--output-format", "json", "-ΓÇª

ΓÄ»ΓÄ»ΓÄ»ΓÄ»ΓÄ»ΓÄ»ΓÄ»ΓÄ»ΓÄ»ΓÄ»ΓÄ»ΓÄ»ΓÄ»ΓÄ»ΓÄ»ΓÄ»ΓÄ»ΓÄ»ΓÄ»ΓÄ»ΓÄ»ΓÄ»ΓÄ»ΓÄ»[2/2]ΓÄ»


[2m Test Files [22m [1m[31m2 failed[39m[22m[2m | [22m[1m[32m65 passed[39m[22m[90m (67)[39m
[2m      Tests [22m [1m[31m2 failed[39m[22m[2m | [22m[1m[32m505 passed[39m[22m[90m (507)[39m
[2m   Start at [22m 23:43:06
[2m   Duration [22m 16.33s[2m (transform 6.92s, setup 0ms, import 13.30s, tests 31.52s, environment 8ms)[22m

